
> aeonixit-site@0.1.0 start
> react-scripts start

(node:15248) [DEP_WEBPACK_DEV_SERVER_ON_AFTER_SETUP_MIDDLEWARE] DeprecationWarning: 'onAfterSetupMiddleware' option is deprecated. Please use the 'setupMiddlewares' option.
(Use `node --trace-deprecation ...` to show where the warning was created)
(node:15248) [DEP_WEBPACK_DEV_SERVER_ON_BEFORE_SETUP_MIDDLEWARE] DeprecationWarning: 'onBeforeSetupMiddleware' option is deprecated. Please use the 'setupMiddlewares' option.
Starting the development server...

Compiled successfully!

You can now view aeonixit-site in the browser.

  Local:            http://localhost:3000
  On Your Network:  http://192.168.0.100:3000

Note that the development build is not optimized.
To create a production build, use npm run build.

webpack compiled [1m[32msuccessfully[39m[22m
Compiling...
Compiled successfully!
webpack compiled [1m[32msuccessfully[39m[22m
Compiling...
Compiled successfully!
webpack compiled [1m[32msuccessfully[39m[22m
Compiling...
Compiled successfully!
webpack compiled [1m[32msuccessfully[39m[22m
Compiling...
Compiled successfully!
webpack compiled [1m[32msuccessfully[39m[22m
Compiling...
Compiled successfully!
webpack compiled [1m[32msuccessfully[39m[22m
Compiling...
Compiled successfully!
webpack compiled [1m[32msuccessfully[39m[22m
Compiling...
Compiled successfully!
webpack compiled [1m[32msuccessfully[39m[22m
Compiling...
Compiled successfully!
webpack compiled [1m[32msuccessfully[39m[22m
Compiling...
Compiled successfully!
webpack compiled [1m[32msuccessfully[39m[22m
Compiling...
Compiled successfully!
webpack compiled [1m[32msuccessfully[39m[22m
Compiling...
Failed to compile.

Syntax error: F:\cloudsofthub\aeonixit-site-backup\aeonixit-site-backup\src\styles\global.css Unknown word font (562:3)
 [90m 560 | [39mhtml[33m[[39mdata-theme=[32m"dark"[39m[33m][39m [33m.section-label[39m [33m{[39m
 [90m 561 | [39m  color[33m:[39m [36mvar[39m[36m(--accent-light, #912e2e)[39m[33m;[39m
[1m[31m>[39m[22m[90m 562 | [39m  font
 [90m     | [39m  [1m[31m^[39m[22m
 [90m 563 | [39m[33m}[39m
 [90m 564 | [39m
[1m[31mERROR[39m[22m in [1m./src/styles/global.css[39m[22m (./node_modules/css-loader/dist/cjs.js??ruleSet[1].rules[1].oneOf[5].use[1]!./node_modules/postcss-loader/dist/cjs.js??ruleSet[1].rules[1].oneOf[5].use[2]!./node_modules/source-map-loader/dist/cjs.js!./src/styles/global.css)
Module build failed (from ./node_modules/postcss-loader/dist/cjs.js):
SyntaxError

(562:3) F:\cloudsofthub\aeonixit-site-backup\aeonixit-site-backup\src\styles\global.css Unknown word font

 [90m 560 | [39mhtml[33m[[39mdata-theme=[32m"dark"[39m[33m][39m [33m.section-label[39m [33m{[39m
 [90m 561 | [39m  color[33m:[39m [36mvar[39m[36m(--accent-light, #912e2e)[39m[33m;[39m
[1m[31m>[39m[22m[90m 562 | [39m  font
 [90m     | [39m  [1m[31m^[39m[22m
 [90m 563 | [39m[33m}[39m
 [90m 564 | [39m

webpack compiled with [1m[31m1 error[39m[22m
Compiling...
Failed to compile.

Syntax error: F:\cloudsofthub\aeonixit-site-backup\aeonixit-site-backup\src\styles\global.css Unknown word font- (562:3)
 [90m 560 | [39mhtml[33m[[39mdata-theme=[32m"dark"[39m[33m][39m [33m.section-label[39m [33m{[39m
 [90m 561 | [39m  color[33m:[39m [36mvar[39m[36m(--accent-light, #912e2e)[39m[33m;[39m
[1m[31m>[39m[22m[90m 562 | [39m  font-
 [90m     | [39m  [1m[31m^[39m[22m
 [90m 563 | [39m[33m}[39m
 [90m 564 | [39m
[1m[31mERROR[39m[22m in [1m./src/styles/global.css[39m[22m (./node_modules/css-loader/dist/cjs.js??ruleSet[1].rules[1].oneOf[5].use[1]!./node_modules/postcss-loader/dist/cjs.js??ruleSet[1].rules[1].oneOf[5].use[2]!./node_modules/source-map-loader/dist/cjs.js!./src/styles/global.css)
Module build failed (from ./node_modules/postcss-loader/dist/cjs.js):
SyntaxError

(562:3) F:\cloudsofthub\aeonixit-site-backup\aeonixit-site-backup\src\styles\global.css Unknown word font-

 [90m 560 | [39mhtml[33m[[39mdata-theme=[32m"dark"[39m[33m][39m [33m.section-label[39m [33m{[39m
 [90m 561 | [39m  color[33m:[39m [36mvar[39m[36m(--accent-light, #912e2e)[39m[33m;[39m
[1m[31m>[39m[22m[90m 562 | [39m  font-
 [90m     | [39m  [1m[31m^[39m[22m
 [90m 563 | [39m[33m}[39m
 [90m 564 | [39m

webpack compiled with [1m[31m1 error[39m[22m
Compiling...
Failed to compile.

Syntax error: F:\cloudsofthub\aeonixit-site-backup\aeonixit-site-backup\src\styles\global.css Unknown word font-size (562:3)
 [90m 560 | [39mhtml[33m[[39mdata-theme=[32m"dark"[39m[33m][39m [33m.section-label[39m [33m{[39m
 [90m 561 | [39m  color[33m:[39m [36mvar[39m[36m(--accent-light, #912e2e)[39m[33m;[39m
[1m[31m>[39m[22m[90m 562 | [39m  font-size
 [90m     | [39m  [1m[31m^[39m[22m
 [90m 563 | [39m[33m}[39m
 [90m 564 | [39m
[1m[31mERROR[39m[22m in [1m./src/styles/global.css[39m[22m (./node_modules/css-loader/dist/cjs.js??ruleSet[1].rules[1].oneOf[5].use[1]!./node_modules/postcss-loader/dist/cjs.js??ruleSet[1].rules[1].oneOf[5].use[2]!./node_modules/source-map-loader/dist/cjs.js!./src/styles/global.css)
Module build failed (from ./node_modules/postcss-loader/dist/cjs.js):
SyntaxError

(562:3) F:\cloudsofthub\aeonixit-site-backup\aeonixit-site-backup\src\styles\global.css Unknown word font-size

 [90m 560 | [39mhtml[33m[[39mdata-theme=[32m"dark"[39m[33m][39m [33m.section-label[39m [33m{[39m
 [90m 561 | [39m  color[33m:[39m [36mvar[39m[36m(--accent-light, #912e2e)[39m[33m;[39m
[1m[31m>[39m[22m[90m 562 | [39m  font-size
 [90m     | [39m  [1m[31m^[39m[22m
 [90m 563 | [39m[33m}[39m
 [90m 564 | [39m

webpack compiled with [1m[31m1 error[39m[22m
Compiling...
Compiled successfully!
webpack compiled [1m[32msuccessfully[39m[22m
Compiling...
Compiled successfully!
webpack compiled [1m[32msuccessfully[39m[22m
Compiling...
Compiled successfully!
webpack compiled [1m[32msuccessfully[39m[22m
Compiling...
Compiled successfully!
webpack compiled [1m[32msuccessfully[39m[22m
Compiling...
Compiled successfully!
webpack compiled [1m[32msuccessfully[39m[22m
Compiling...
Compiled successfully!
webpack compiled [1m[32msuccessfully[39m[22m
Compiling...
Compiled successfully!
webpack compiled [1m[32msuccessfully[39m[22m
Compiling...
Compiled successfully!
webpack compiled [1m[32msuccessfully[39m[22m
Compiling...
Compiled successfully!
webpack compiled [1m[32msuccessfully[39m[22m
Compiling...
Compiled successfully!
webpack compiled [1m[32msuccessfully[39m[22m
Compiling...
Compiled successfully!
webpack compiled [1m[32msuccessfully[39m[22m
Compiling...
Compiled successfully!
webpack compiled [1m[32msuccessfully[39m[22m
Compiling...
Compiled successfully!
webpack compiled [1m[32msuccessfully[39m[22m
Compiling...
Compiled successfully!
webpack compiled [1m[32msuccessfully[39m[22m
Compiling...
Compiled successfully!
webpack compiled [1m[32msuccessfully[39m[22m
Compiling...
Compiled successfully!
webpack compiled [1m[32msuccessfully[39m[22m
Compiling...
Compiled successfully!
webpack compiled [1m[32msuccessfully[39m[22m
Compiling...
Compiled successfully!
webpack compiled [1m[32msuccessfully[39m[22m
Compiling...
Compiled successfully!
webpack compiled [1m[32msuccessfully[39m[22m
Compiling...
Compiled successfully!
webpack compiled [1m[32msuccessfully[39m[22m
Compiling...
Compiled successfully!
webpack compiled [1m[32msuccessfully[39m[22m
Compiling...
Compiled successfully!
webpack compiled [1m[32msuccessfully[39m[22m
Compiling...
Compiled successfully!
webpack compiled [1m[32msuccessfully[39m[22m
Compiling...
Compiled successfully!
webpack compiled [1m[32msuccessfully[39m[22m
Compiling...
Failed to compile.

[eslint] 
src\pages\Home.jsx
Syntax error: Unexpected token, expected "," (69:6) (69:6)
[1m[31mERROR[39m[22m in [1m./src/pages/Home.jsx[39m[22m
Module build failed (from ./node_modules/babel-loader/lib/index.js):
SyntaxError: F:\cloudsofthub\aeonixit-site-backup\aeonixit-site-backup\src\pages\Home.jsx: Unexpected token, expected "," (69:6)

[0m [90m 67 |[39m       tags[33m:[39m [[32m'React'[39m[33m,[39m [32m'PostgreSQL'[39m[33m,[39m [32m'D3.js'[39m[33m,[39m [32m'WebSockets'[39m[33m,[39m [32m'Redis'[39m][33m,[39m
 [90m 68 |[39m       [33mLi[39m
[31m[1m>[22m[39m[90m 69 |[39m       thumbnail[33m:[39m (
 [90m    |[39m       [31m[1m^[22m[39m
 [90m 70 |[39m         [33m<[39m[33mdiv[39m className[33m=[39m{styles[33m.[39mthumbnailPlaceholder} style[33m=[39m{{
 [90m 71 |[39m           background[33m:[39m [32m'linear-gradient(135deg, #2C3E50 0%, #3D5A80 100%)'[39m[33m,[39m
 [90m 72 |[39m         }}[33m>[39m[33m<[39m[33m/[39m[33mdiv[39m[33m>[39m[0m
    at constructor (F:\cloudsofthub\aeonixit-site-backup\aeonixit-site-backup\node_modules\@babel\parser\lib\index.js:365:19)
    at FlowParserMixin.raise (F:\cloudsofthub\aeonixit-site-backup\aeonixit-site-backup\node_modules\@babel\parser\lib\index.js:6599:19)
    at FlowParserMixin.unexpected (F:\cloudsofthub\aeonixit-site-backup\aeonixit-site-backup\node_modules\@babel\parser\lib\index.js:6619:16)
    at FlowParserMixin.expect (F:\cloudsofthub\aeonixit-site-backup\aeonixit-site-backup\node_modules\@babel\parser\lib\index.js:6899:12)
    at FlowParserMixin.parseObjectLike (F:\cloudsofthub\aeonixit-site-backup\aeonixit-site-backup\node_modules\@babel\parser\lib\index.js:11822:14)
    at FlowParserMixin.parseExprAtom (F:\cloudsofthub\aeonixit-site-backup\aeonixit-site-backup\node_modules\@babel\parser\lib\index.js:11339:23)
    at FlowParserMixin.parseExprAtom (F:\cloudsofthub\aeonixit-site-backup\aeonixit-site-backup\node_modules\@babel\parser\lib\index.js:4764:20)
    at FlowParserMixin.parseExprSubscripts (F:\cloudsofthub\aeonixit-site-backup\aeonixit-site-backup\node_modules\@babel\parser\lib\index.js:11081:23)
    at FlowParserMixin.parseUpdate (F:\cloudsofthub\aeonixit-site-backup\aeonixit-site-backup\node_modules\@babel\parser\lib\index.js:11066:21)
    at FlowParserMixin.parseMaybeUnary (F:\cloudsofthub\aeonixit-site-backup\aeonixit-site-backup\node_modules\@babel\parser\lib\index.js:11046:23)
    at FlowParserMixin.parseMaybeUnaryOrPrivate (F:\cloudsofthub\aeonixit-site-backup\aeonixit-site-backup\node_modules\@babel\parser\lib\index.js:10899:61)
    at FlowParserMixin.parseExprOps (F:\cloudsofthub\aeonixit-site-backup\aeonixit-site-backup\node_modules\@babel\parser\lib\index.js:10904:23)
    at FlowParserMixin.parseMaybeConditional (F:\cloudsofthub\aeonixit-site-backup\aeonixit-site-backup\node_modules\@babel\parser\lib\index.js:10881:23)
    at FlowParserMixin.parseMaybeAssign (F:\cloudsofthub\aeonixit-site-backup\aeonixit-site-backup\node_modules\@babel\parser\lib\index.js:10831:21)
    at FlowParserMixin.parseMaybeAssign (F:\cloudsofthub\aeonixit-site-backup\aeonixit-site-backup\node_modules\@babel\parser\lib\index.js:3549:18)
    at F:\cloudsofthub\aeonixit-site-backup\aeonixit-site-backup\node_modules\@babel\parser\lib\index.js:10800:39
    at FlowParserMixin.allowInAnd (F:\cloudsofthub\aeonixit-site-backup\aeonixit-site-backup\node_modules\@babel\parser\lib\index.js:12426:12)
    at FlowParserMixin.parseMaybeAssignAllowIn (F:\cloudsofthub\aeonixit-site-backup\aeonixit-site-backup\node_modules\@babel\parser\lib\index.js:10800:17)
    at FlowParserMixin.parseMaybeAssignAllowInOrVoidPattern (F:\cloudsofthub\aeonixit-site-backup\aeonixit-site-backup\node_modules\@babel\parser\lib\index.js:12493:17)
    at FlowParserMixin.parseExprListItem (F:\cloudsofthub\aeonixit-site-backup\aeonixit-site-backup\node_modules\@babel\parser\lib\index.js:12175:18)
    at FlowParserMixin.parseExprList (F:\cloudsofthub\aeonixit-site-backup\aeonixit-site-backup\node_modules\@babel\parser\lib\index.js:12150:22)
    at FlowParserMixin.parseArrayLike (F:\cloudsofthub\aeonixit-site-backup\aeonixit-site-backup\node_modules\@babel\parser\lib\index.js:12057:26)
    at FlowParserMixin.parseArrayLike (F:\cloudsofthub\aeonixit-site-backup\aeonixit-site-backup\node_modules\@babel\parser\lib\index.js:3233:24)
    at FlowParserMixin.parseExprAtom (F:\cloudsofthub\aeonixit-site-backup\aeonixit-site-backup\node_modules\@babel\parser\lib\index.js:11335:23)
    at FlowParserMixin.parseExprAtom (F:\cloudsofthub\aeonixit-site-backup\aeonixit-site-backup\node_modules\@babel\parser\lib\index.js:4764:20)
    at FlowParserMixin.parseExprSubscripts (F:\cloudsofthub\aeonixit-site-backup\aeonixit-site-backup\node_modules\@babel\parser\lib\index.js:11081:23)
    at FlowParserMixin.parseUpdate (F:\cloudsofthub\aeonixit-site-backup\aeonixit-site-backup\node_modules\@babel\parser\lib\index.js:11066:21)
    at FlowParserMixin.parseMaybeUnary (F:\cloudsofthub\aeonixit-site-backup\aeonixit-site-backup\node_modules\@babel\parser\lib\index.js:11046:23)
    at FlowParserMixin.parseMaybeUnaryOrPrivate (F:\cloudsofthub\aeonixit-site-backup\aeonixit-site-backup\node_modules\@babel\parser\lib\index.js:10899:61)
    at FlowParserMixin.parseExprOps (F:\cloudsofthub\aeonixit-site-backup\aeonixit-site-backup\node_modules\@babel\parser\lib\index.js:10904:23)
    at FlowParserMixin.parseMaybeConditional (F:\cloudsofthub\aeonixit-site-backup\aeonixit-site-backup\node_modules\@babel\parser\lib\index.js:10881:23)
    at FlowParserMixin.parseMaybeAssign (F:\cloudsofthub\aeonixit-site-backup\aeonixit-site-backup\node_modules\@babel\parser\lib\index.js:10831:21)
    at FlowParserMixin.parseMaybeAssign (F:\cloudsofthub\aeonixit-site-backup\aeonixit-site-backup\node_modules\@babel\parser\lib\index.js:3549:18)
    at F:\cloudsofthub\aeonixit-site-backup\aeonixit-site-backup\node_modules\@babel\parser\lib\index.js:10800:39
    at FlowParserMixin.allowInAnd (F:\cloudsofthub\aeonixit-site-backup\aeonixit-site-backup\node_modules\@babel\parser\lib\index.js:12421:16)
    at FlowParserMixin.parseMaybeAssignAllowIn (F:\cloudsofthub\aeonixit-site-backup\aeonixit-site-backup\node_modules\@babel\parser\lib\index.js:10800:17)
    at FlowParserMixin.parseVar (F:\cloudsofthub\aeonixit-site-backup\aeonixit-site-backup\node_modules\@babel\parser\lib\index.js:13384:91)
    at FlowParserMixin.parseVarStatement (F:\cloudsofthub\aeonixit-site-backup\aeonixit-site-backup\node_modules\@babel\parser\lib\index.js:13230:10)
    at FlowParserMixin.parseStatementContent (F:\cloudsofthub\aeonixit-site-backup\aeonixit-site-backup\node_modules\@babel\parser\lib\index.js:12851:23)
    at FlowParserMixin.parseStatementLike (F:\cloudsofthub\aeonixit-site-backup\aeonixit-site-backup\node_modules\@babel\parser\lib\index.js:12767:17)
    at FlowParserMixin.parseStatementLike (F:\cloudsofthub\aeonixit-site-backup\aeonixit-site-backup\node_modules\@babel\parser\lib\index.js:2918:24)
    at FlowParserMixin.parseStatementListItem (F:\cloudsofthub\aeonixit-site-backup\aeonixit-site-backup\node_modules\@babel\parser\lib\index.js:12747:17)
    at FlowParserMixin.parseBlockOrModuleBlockBody (F:\cloudsofthub\aeonixit-site-backup\aeonixit-site-backup\node_modules\@babel\parser\lib\index.js:13316:61)
    at FlowParserMixin.parseBlockBody (F:\cloudsofthub\aeonixit-site-backup\aeonixit-site-backup\node_modules\@babel\parser\lib\index.js:13309:10)
    at FlowParserMixin.parseBlock (F:\cloudsofthub\aeonixit-site-backup\aeonixit-site-backup\node_modules\@babel\parser\lib\index.js:13297:10)
    at FlowParserMixin.parseFunctionBody (F:\cloudsofthub\aeonixit-site-backup\aeonixit-site-backup\node_modules\@babel\parser\lib\index.js:12100:24)
    at F:\cloudsofthub\aeonixit-site-backup\aeonixit-site-backup\node_modules\@babel\parser\lib\index.js:2892:63
    at FlowParserMixin.forwardNoArrowParamsConversionAt (F:\cloudsofthub\aeonixit-site-backup\aeonixit-site-backup\node_modules\@babel\parser\lib\index.js:3068:16)
    at FlowParserMixin.parseFunctionBody (F:\cloudsofthub\aeonixit-site-backup\aeonixit-site-backup\node_modules\@babel\parser\lib\index.js:2892:12)
    at FlowParserMixin.parseArrowExpression (F:\cloudsofthub\aeonixit-site-backup\aeonixit-site-backup\node_modules\@babel\parser\lib\index.js:12075:10)

[1m[31mERROR[39m[22m in [1m[eslint] 
src\pages\Home.jsx
  Line 69:6:  Parsing [1m[31merror[39m[22m[1m: [1m[31mUnexpected[39m[22m[1m token, expected "," (69:6)

[39m[22m

webpack compiled with [1m[31m2 errors[39m[22m
Compiling...
Failed to compile.

[eslint] 
src\pages\Home.jsx
Syntax error: Unexpected token, expected "," (69:6) (69:6)
[1m[31mERROR[39m[22m in [1m./src/pages/Home.jsx[39m[22m
Module build failed (from ./node_modules/babel-loader/lib/index.js):
SyntaxError: F:\cloudsofthub\aeonixit-site-backup\aeonixit-site-backup\src\pages\Home.jsx: Unexpected token, expected "," (69:6)

[0m [90m 67 |[39m       tags[33m:[39m [[32m'React'[39m[33m,[39m [32m'PostgreSQL'[39m[33m,[39m [32m'D3.js'[39m[33m,[39m [32m'WebSockets'[39m[33m,[39m [32m'Redis'[39m][33m,[39m
 [90m 68 |[39m       [33mLink[39m
[31m[1m>[22m[39m[90m 69 |[39m       thumbnail[33m:[39m (
 [90m    |[39m       [31m[1m^[22m[39m
 [90m 70 |[39m         [33m<[39m[33mdiv[39m className[33m=[39m{styles[33m.[39mthumbnailPlaceholder} style[33m=[39m{{
 [90m 71 |[39m           background[33m:[39m [32m'linear-gradient(135deg, #2C3E50 0%, #3D5A80 100%)'[39m[33m,[39m
 [90m 72 |[39m         }}[33m>[39m[33m<[39m[33m/[39m[33mdiv[39m[33m>[39m[0m
    at constructor (F:\cloudsofthub\aeonixit-site-backup\aeonixit-site-backup\node_modules\@babel\parser\lib\index.js:365:19)
    at FlowParserMixin.raise (F:\cloudsofthub\aeonixit-site-backup\aeonixit-site-backup\node_modules\@babel\parser\lib\index.js:6599:19)
    at FlowParserMixin.unexpected (F:\cloudsofthub\aeonixit-site-backup\aeonixit-site-backup\node_modules\@babel\parser\lib\index.js:6619:16)
    at FlowParserMixin.expect (F:\cloudsofthub\aeonixit-site-backup\aeonixit-site-backup\node_modules\@babel\parser\lib\index.js:6899:12)
    at FlowParserMixin.parseObjectLike (F:\cloudsofthub\aeonixit-site-backup\aeonixit-site-backup\node_modules\@babel\parser\lib\index.js:11822:14)
    at FlowParserMixin.parseExprAtom (F:\cloudsofthub\aeonixit-site-backup\aeonixit-site-backup\node_modules\@babel\parser\lib\index.js:11339:23)
    at FlowParserMixin.parseExprAtom (F:\cloudsofthub\aeonixit-site-backup\aeonixit-site-backup\node_modules\@babel\parser\lib\index.js:4764:20)
    at FlowParserMixin.parseExprSubscripts (F:\cloudsofthub\aeonixit-site-backup\aeonixit-site-backup\node_modules\@babel\parser\lib\index.js:11081:23)
    at FlowParserMixin.parseUpdate (F:\cloudsofthub\aeonixit-site-backup\aeonixit-site-backup\node_modules\@babel\parser\lib\index.js:11066:21)
    at FlowParserMixin.parseMaybeUnary (F:\cloudsofthub\aeonixit-site-backup\aeonixit-site-backup\node_modules\@babel\parser\lib\index.js:11046:23)
    at FlowParserMixin.parseMaybeUnaryOrPrivate (F:\cloudsofthub\aeonixit-site-backup\aeonixit-site-backup\node_modules\@babel\parser\lib\index.js:10899:61)
    at FlowParserMixin.parseExprOps (F:\cloudsofthub\aeonixit-site-backup\aeonixit-site-backup\node_modules\@babel\parser\lib\index.js:10904:23)
    at FlowParserMixin.parseMaybeConditional (F:\cloudsofthub\aeonixit-site-backup\aeonixit-site-backup\node_modules\@babel\parser\lib\index.js:10881:23)
    at FlowParserMixin.parseMaybeAssign (F:\cloudsofthub\aeonixit-site-backup\aeonixit-site-backup\node_modules\@babel\parser\lib\index.js:10831:21)
    at FlowParserMixin.parseMaybeAssign (F:\cloudsofthub\aeonixit-site-backup\aeonixit-site-backup\node_modules\@babel\parser\lib\index.js:3549:18)
    at F:\cloudsofthub\aeonixit-site-backup\aeonixit-site-backup\node_modules\@babel\parser\lib\index.js:10800:39
    at FlowParserMixin.allowInAnd (F:\cloudsofthub\aeonixit-site-backup\aeonixit-site-backup\node_modules\@babel\parser\lib\index.js:12426:12)
    at FlowParserMixin.parseMaybeAssignAllowIn (F:\cloudsofthub\aeonixit-site-backup\aeonixit-site-backup\node_modules\@babel\parser\lib\index.js:10800:17)
    at FlowParserMixin.parseMaybeAssignAllowInOrVoidPattern (F:\cloudsofthub\aeonixit-site-backup\aeonixit-site-backup\node_modules\@babel\parser\lib\index.js:12493:17)
    at FlowParserMixin.parseExprListItem (F:\cloudsofthub\aeonixit-site-backup\aeonixit-site-backup\node_modules\@babel\parser\lib\index.js:12175:18)
    at FlowParserMixin.parseExprList (F:\cloudsofthub\aeonixit-site-backup\aeonixit-site-backup\node_modules\@babel\parser\lib\index.js:12150:22)
    at FlowParserMixin.parseArrayLike (F:\cloudsofthub\aeonixit-site-backup\aeonixit-site-backup\node_modules\@babel\parser\lib\index.js:12057:26)
    at FlowParserMixin.parseArrayLike (F:\cloudsofthub\aeonixit-site-backup\aeonixit-site-backup\node_modules\@babel\parser\lib\index.js:3233:24)
    at FlowParserMixin.parseExprAtom (F:\cloudsofthub\aeonixit-site-backup\aeonixit-site-backup\node_modules\@babel\parser\lib\index.js:11335:23)
    at FlowParserMixin.parseExprAtom (F:\cloudsofthub\aeonixit-site-backup\aeonixit-site-backup\node_modules\@babel\parser\lib\index.js:4764:20)
    at FlowParserMixin.parseExprSubscripts (F:\cloudsofthub\aeonixit-site-backup\aeonixit-site-backup\node_modules\@babel\parser\lib\index.js:11081:23)
    at FlowParserMixin.parseUpdate (F:\cloudsofthub\aeonixit-site-backup\aeonixit-site-backup\node_modules\@babel\parser\lib\index.js:11066:21)
    at FlowParserMixin.parseMaybeUnary (F:\cloudsofthub\aeonixit-site-backup\aeonixit-site-backup\node_modules\@babel\parser\lib\index.js:11046:23)
    at FlowParserMixin.parseMaybeUnaryOrPrivate (F:\cloudsofthub\aeonixit-site-backup\aeonixit-site-backup\node_modules\@babel\parser\lib\index.js:10899:61)
    at FlowParserMixin.parseExprOps (F:\cloudsofthub\aeonixit-site-backup\aeonixit-site-backup\node_modules\@babel\parser\lib\index.js:10904:23)
    at FlowParserMixin.parseMaybeConditional (F:\cloudsofthub\aeonixit-site-backup\aeonixit-site-backup\node_modules\@babel\parser\lib\index.js:10881:23)
    at FlowParserMixin.parseMaybeAssign (F:\cloudsofthub\aeonixit-site-backup\aeonixit-site-backup\node_modules\@babel\parser\lib\index.js:10831:21)
    at FlowParserMixin.parseMaybeAssign (F:\cloudsofthub\aeonixit-site-backup\aeonixit-site-backup\node_modules\@babel\parser\lib\index.js:3549:18)
    at F:\cloudsofthub\aeonixit-site-backup\aeonixit-site-backup\node_modules\@babel\parser\lib\index.js:10800:39
    at FlowParserMixin.allowInAnd (F:\cloudsofthub\aeonixit-site-backup\aeonixit-site-backup\node_modules\@babel\parser\lib\index.js:12421:16)
    at FlowParserMixin.parseMaybeAssignAllowIn (F:\cloudsofthub\aeonixit-site-backup\aeonixit-site-backup\node_modules\@babel\parser\lib\index.js:10800:17)
    at FlowParserMixin.parseVar (F:\cloudsofthub\aeonixit-site-backup\aeonixit-site-backup\node_modules\@babel\parser\lib\index.js:13384:91)
    at FlowParserMixin.parseVarStatement (F:\cloudsofthub\aeonixit-site-backup\aeonixit-site-backup\node_modules\@babel\parser\lib\index.js:13230:10)
    at FlowParserMixin.parseStatementContent (F:\cloudsofthub\aeonixit-site-backup\aeonixit-site-backup\node_modules\@babel\parser\lib\index.js:12851:23)
    at FlowParserMixin.parseStatementLike (F:\cloudsofthub\aeonixit-site-backup\aeonixit-site-backup\node_modules\@babel\parser\lib\index.js:12767:17)
    at FlowParserMixin.parseStatementLike (F:\cloudsofthub\aeonixit-site-backup\aeonixit-site-backup\node_modules\@babel\parser\lib\index.js:2918:24)
    at FlowParserMixin.parseStatementListItem (F:\cloudsofthub\aeonixit-site-backup\aeonixit-site-backup\node_modules\@babel\parser\lib\index.js:12747:17)
    at FlowParserMixin.parseBlockOrModuleBlockBody (F:\cloudsofthub\aeonixit-site-backup\aeonixit-site-backup\node_modules\@babel\parser\lib\index.js:13316:61)
    at FlowParserMixin.parseBlockBody (F:\cloudsofthub\aeonixit-site-backup\aeonixit-site-backup\node_modules\@babel\parser\lib\index.js:13309:10)
    at FlowParserMixin.parseBlock (F:\cloudsofthub\aeonixit-site-backup\aeonixit-site-backup\node_modules\@babel\parser\lib\index.js:13297:10)
    at FlowParserMixin.parseFunctionBody (F:\cloudsofthub\aeonixit-site-backup\aeonixit-site-backup\node_modules\@babel\parser\lib\index.js:12100:24)
    at F:\cloudsofthub\aeonixit-site-backup\aeonixit-site-backup\node_modules\@babel\parser\lib\index.js:2892:63
    at FlowParserMixin.forwardNoArrowParamsConversionAt (F:\cloudsofthub\aeonixit-site-backup\aeonixit-site-backup\node_modules\@babel\parser\lib\index.js:3068:16)
    at FlowParserMixin.parseFunctionBody (F:\cloudsofthub\aeonixit-site-backup\aeonixit-site-backup\node_modules\@babel\parser\lib\index.js:2892:12)
    at FlowParserMixin.parseArrowExpression (F:\cloudsofthub\aeonixit-site-backup\aeonixit-site-backup\node_modules\@babel\parser\lib\index.js:12075:10)

[1m[31mERROR[39m[22m in [1m[eslint] 
src\pages\Home.jsx
  Line 69:6:  Parsing [1m[31merror[39m[22m[1m: [1m[31mUnexpected[39m[22m[1m token, expected "," (69:6)

[39m[22m

webpack compiled with [1m[31m2 errors[39m[22m
Compiling...
Failed to compile.

[eslint] 
src\pages\Home.jsx
Syntax error: Unexpected token, expected "," (69:6) (69:6)
[1m[31mERROR[39m[22m in [1m./src/pages/Home.jsx[39m[22m
Module build failed (from ./node_modules/babel-loader/lib/index.js):
SyntaxError: F:\cloudsofthub\aeonixit-site-backup\aeonixit-site-backup\src\pages\Home.jsx: Unexpected token, expected "," (69:6)

[0m [90m 67 |[39m       tags[33m:[39m [[32m'React'[39m[33m,[39m [32m'PostgreSQL'[39m[33m,[39m [32m'D3.js'[39m[33m,[39m [32m'WebSockets'[39m[33m,[39m [32m'Redis'[39m][33m,[39m
 [90m 68 |[39m       [33mLink[39m
[31m[1m>[22m[39m[90m 69 |[39m       thumbnail[33m:[39m (
 [90m    |[39m       [31m[1m^[22m[39m
 [90m 70 |[39m         [33m<[39m[33mdiv[39m className[33m=[39m{styles[33m.[39mthumbnailPlaceholder} style[33m=[39m{{
 [90m 71 |[39m           background[33m:[39m [32m'linear-gradient(135deg, #2C3E50 0%, #3D5A80 100%)'[39m[33m,[39m
 [90m 72 |[39m         }}[33m>[39m[33m<[39m[33m/[39m[33mdiv[39m[33m>[39m[0m
    at constructor (F:\cloudsofthub\aeonixit-site-backup\aeonixit-site-backup\node_modules\@babel\parser\lib\index.js:365:19)
    at FlowParserMixin.raise (F:\cloudsofthub\aeonixit-site-backup\aeonixit-site-backup\node_modules\@babel\parser\lib\index.js:6599:19)
    at FlowParserMixin.unexpected (F:\cloudsofthub\aeonixit-site-backup\aeonixit-site-backup\node_modules\@babel\parser\lib\index.js:6619:16)
    at FlowParserMixin.expect (F:\cloudsofthub\aeonixit-site-backup\aeonixit-site-backup\node_modules\@babel\parser\lib\index.js:6899:12)
    at FlowParserMixin.parseObjectLike (F:\cloudsofthub\aeonixit-site-backup\aeonixit-site-backup\node_modules\@babel\parser\lib\index.js:11822:14)
    at FlowParserMixin.parseExprAtom (F:\cloudsofthub\aeonixit-site-backup\aeonixit-site-backup\node_modules\@babel\parser\lib\index.js:11339:23)
    at FlowParserMixin.parseExprAtom (F:\cloudsofthub\aeonixit-site-backup\aeonixit-site-backup\node_modules\@babel\parser\lib\index.js:4764:20)
    at FlowParserMixin.parseExprSubscripts (F:\cloudsofthub\aeonixit-site-backup\aeonixit-site-backup\node_modules\@babel\parser\lib\index.js:11081:23)
    at FlowParserMixin.parseUpdate (F:\cloudsofthub\aeonixit-site-backup\aeonixit-site-backup\node_modules\@babel\parser\lib\index.js:11066:21)
    at FlowParserMixin.parseMaybeUnary (F:\cloudsofthub\aeonixit-site-backup\aeonixit-site-backup\node_modules\@babel\parser\lib\index.js:11046:23)
    at FlowParserMixin.parseMaybeUnaryOrPrivate (F:\cloudsofthub\aeonixit-site-backup\aeonixit-site-backup\node_modules\@babel\parser\lib\index.js:10899:61)
    at FlowParserMixin.parseExprOps (F:\cloudsofthub\aeonixit-site-backup\aeonixit-site-backup\node_modules\@babel\parser\lib\index.js:10904:23)
    at FlowParserMixin.parseMaybeConditional (F:\cloudsofthub\aeonixit-site-backup\aeonixit-site-backup\node_modules\@babel\parser\lib\index.js:10881:23)
    at FlowParserMixin.parseMaybeAssign (F:\cloudsofthub\aeonixit-site-backup\aeonixit-site-backup\node_modules\@babel\parser\lib\index.js:10831:21)
    at FlowParserMixin.parseMaybeAssign (F:\cloudsofthub\aeonixit-site-backup\aeonixit-site-backup\node_modules\@babel\parser\lib\index.js:3549:18)
    at F:\cloudsofthub\aeonixit-site-backup\aeonixit-site-backup\node_modules\@babel\parser\lib\index.js:10800:39
    at FlowParserMixin.allowInAnd (F:\cloudsofthub\aeonixit-site-backup\aeonixit-site-backup\node_modules\@babel\parser\lib\index.js:12426:12)
    at FlowParserMixin.parseMaybeAssignAllowIn (F:\cloudsofthub\aeonixit-site-backup\aeonixit-site-backup\node_modules\@babel\parser\lib\index.js:10800:17)
    at FlowParserMixin.parseMaybeAssignAllowInOrVoidPattern (F:\cloudsofthub\aeonixit-site-backup\aeonixit-site-backup\node_modules\@babel\parser\lib\index.js:12493:17)
    at FlowParserMixin.parseExprListItem (F:\cloudsofthub\aeonixit-site-backup\aeonixit-site-backup\node_modules\@babel\parser\lib\index.js:12175:18)
    at FlowParserMixin.parseExprList (F:\cloudsofthub\aeonixit-site-backup\aeonixit-site-backup\node_modules\@babel\parser\lib\index.js:12150:22)
    at FlowParserMixin.parseArrayLike (F:\cloudsofthub\aeonixit-site-backup\aeonixit-site-backup\node_modules\@babel\parser\lib\index.js:12057:26)
    at FlowParserMixin.parseArrayLike (F:\cloudsofthub\aeonixit-site-backup\aeonixit-site-backup\node_modules\@babel\parser\lib\index.js:3233:24)
    at FlowParserMixin.parseExprAtom (F:\cloudsofthub\aeonixit-site-backup\aeonixit-site-backup\node_modules\@babel\parser\lib\index.js:11335:23)
    at FlowParserMixin.parseExprAtom (F:\cloudsofthub\aeonixit-site-backup\aeonixit-site-backup\node_modules\@babel\parser\lib\index.js:4764:20)
    at FlowParserMixin.parseExprSubscripts (F:\cloudsofthub\aeonixit-site-backup\aeonixit-site-backup\node_modules\@babel\parser\lib\index.js:11081:23)
    at FlowParserMixin.parseUpdate (F:\cloudsofthub\aeonixit-site-backup\aeonixit-site-backup\node_modules\@babel\parser\lib\index.js:11066:21)
    at FlowParserMixin.parseMaybeUnary (F:\cloudsofthub\aeonixit-site-backup\aeonixit-site-backup\node_modules\@babel\parser\lib\index.js:11046:23)
    at FlowParserMixin.parseMaybeUnaryOrPrivate (F:\cloudsofthub\aeonixit-site-backup\aeonixit-site-backup\node_modules\@babel\parser\lib\index.js:10899:61)
    at FlowParserMixin.parseExprOps (F:\cloudsofthub\aeonixit-site-backup\aeonixit-site-backup\node_modules\@babel\parser\lib\index.js:10904:23)
    at FlowParserMixin.parseMaybeConditional (F:\cloudsofthub\aeonixit-site-backup\aeonixit-site-backup\node_modules\@babel\parser\lib\index.js:10881:23)
    at FlowParserMixin.parseMaybeAssign (F:\cloudsofthub\aeonixit-site-backup\aeonixit-site-backup\node_modules\@babel\parser\lib\index.js:10831:21)
    at FlowParserMixin.parseMaybeAssign (F:\cloudsofthub\aeonixit-site-backup\aeonixit-site-backup\node_modules\@babel\parser\lib\index.js:3549:18)
    at F:\cloudsofthub\aeonixit-site-backup\aeonixit-site-backup\node_modules\@babel\parser\lib\index.js:10800:39
    at FlowParserMixin.allowInAnd (F:\cloudsofthub\aeonixit-site-backup\aeonixit-site-backup\node_modules\@babel\parser\lib\index.js:12421:16)
    at FlowParserMixin.parseMaybeAssignAllowIn (F:\cloudsofthub\aeonixit-site-backup\aeonixit-site-backup\node_modules\@babel\parser\lib\index.js:10800:17)
    at FlowParserMixin.parseVar (F:\cloudsofthub\aeonixit-site-backup\aeonixit-site-backup\node_modules\@babel\parser\lib\index.js:13384:91)
    at FlowParserMixin.parseVarStatement (F:\cloudsofthub\aeonixit-site-backup\aeonixit-site-backup\node_modules\@babel\parser\lib\index.js:13230:10)
    at FlowParserMixin.parseStatementContent (F:\cloudsofthub\aeonixit-site-backup\aeonixit-site-backup\node_modules\@babel\parser\lib\index.js:12851:23)
    at FlowParserMixin.parseStatementLike (F:\cloudsofthub\aeonixit-site-backup\aeonixit-site-backup\node_modules\@babel\parser\lib\index.js:12767:17)
    at FlowParserMixin.parseStatementLike (F:\cloudsofthub\aeonixit-site-backup\aeonixit-site-backup\node_modules\@babel\parser\lib\index.js:2918:24)
    at FlowParserMixin.parseStatementListItem (F:\cloudsofthub\aeonixit-site-backup\aeonixit-site-backup\node_modules\@babel\parser\lib\index.js:12747:17)
    at FlowParserMixin.parseBlockOrModuleBlockBody (F:\cloudsofthub\aeonixit-site-backup\aeonixit-site-backup\node_modules\@babel\parser\lib\index.js:13316:61)
    at FlowParserMixin.parseBlockBody (F:\cloudsofthub\aeonixit-site-backup\aeonixit-site-backup\node_modules\@babel\parser\lib\index.js:13309:10)
    at FlowParserMixin.parseBlock (F:\cloudsofthub\aeonixit-site-backup\aeonixit-site-backup\node_modules\@babel\parser\lib\index.js:13297:10)
    at FlowParserMixin.parseFunctionBody (F:\cloudsofthub\aeonixit-site-backup\aeonixit-site-backup\node_modules\@babel\parser\lib\index.js:12100:24)
    at F:\cloudsofthub\aeonixit-site-backup\aeonixit-site-backup\node_modules\@babel\parser\lib\index.js:2892:63
    at FlowParserMixin.forwardNoArrowParamsConversionAt (F:\cloudsofthub\aeonixit-site-backup\aeonixit-site-backup\node_modules\@babel\parser\lib\index.js:3068:16)
    at FlowParserMixin.parseFunctionBody (F:\cloudsofthub\aeonixit-site-backup\aeonixit-site-backup\node_modules\@babel\parser\lib\index.js:2892:12)
    at FlowParserMixin.parseArrowExpression (F:\cloudsofthub\aeonixit-site-backup\aeonixit-site-backup\node_modules\@babel\parser\lib\index.js:12075:10)

[1m[31mERROR[39m[22m in [1m[eslint] 
src\pages\Home.jsx
  Line 69:6:  Parsing [1m[31merror[39m[22m[1m: [1m[31mUnexpected[39m[22m[1m token, expected "," (69:6)

[39m[22m

webpack compiled with [1m[31m2 errors[39m[22m
Compiling...
Compiled successfully!
webpack compiled [1m[32msuccessfully[39m[22m
Compiling...
Compiled successfully!
webpack compiled [1m[32msuccessfully[39m[22m
Compiling...
Compiled successfully!
webpack compiled [1m[32msuccessfully[39m[22m
Compiling...
Compiled successfully!
webpack compiled [1m[32msuccessfully[39m[22m
Compiling...
Compiled successfully!
webpack compiled [1m[32msuccessfully[39m[22m
Compiling...
Compiled successfully!
webpack compiled [1m[32msuccessfully[39m[22m
Compiling...
Compiled successfully!
webpack compiled [1m[32msuccessfully[39m[22m
Compiling...
Compiled successfully!
webpack compiled [1m[32msuccessfully[39m[22m
Compiling...
Compiled with warnings.

[eslint] 
src\pages\Home.jsx
  Line 60:9:  'workItems' is assigned a value but never used  no-unused-vars

Search for the keywords to learn more about each warning.
To ignore, add // eslint-disable-next-line to the line before.

[1m[33mWARNING[39m[22m in [1m[eslint] 
src\pages\Home.jsx
  Line 60:9:  'workItems' is assigned a value but never used  no-unused-vars

[39m[22m

webpack compiled with [1m[33m1 warning[39m[22m
Compiling...
Compiled with warnings.

[eslint] 
src\pages\Home.jsx
  Line 60:9:  'workItems' is assigned a value but never used  no-unused-vars

Search for the keywords to learn more about each warning.
To ignore, add // eslint-disable-next-line to the line before.

[1m[33mWARNING[39m[22m in [1m[eslint] 
src\pages\Home.jsx
  Line 60:9:  'workItems' is assigned a value but never used  no-unused-vars

[39m[22m

webpack compiled with [1m[33m1 warning[39m[22m
Compiling...
Compiled successfully!
webpack compiled [1m[32msuccessfully[39m[22m
Compiling...
Compiled successfully!
webpack compiled [1m[32msuccessfully[39m[22m
Compiling...
Compiled successfully!
webpack compiled [1m[32msuccessfully[39m[22m
Compiling...
Compiled successfully!
webpack compiled [1m[32msuccessfully[39m[22m
Compiling...
Compiled successfully!
webpack compiled [1m[32msuccessfully[39m[22m
Compiling...
Compiled successfully!
webpack compiled [1m[32msuccessfully[39m[22m
Compiling...
Compiled successfully!
webpack compiled [1m[32msuccessfully[39m[22m
Compiling...
Compiled successfully!
webpack compiled [1m[32msuccessfully[39m[22m
Compiling...
Compiled successfully!
webpack compiled [1m[32msuccessfully[39m[22m
Compiling...
Compiled successfully!
webpack compiled [1m[32msuccessfully[39m[22m
Compiling...
Compiled successfully!
webpack compiled [1m[32msuccessfully[39m[22m
